2026-07-24T19:09:58Z INF Thank you for trying Cloudflare Tunnel. Doing so, without a Cloudflare account, is a quick way to experiment and try it out. However, be aware that these account-less Tunnels have no uptime guarantee, are subject to the Cloudflare Online Services Terms of Use (https://www.cloudflare.com/website-terms/), and Cloudflare reserves the right to investigate your use of Tunnels for violations of such terms. If you intend to use Tunnels in production you should use a pre-created named tunnel by following: https://developers.cloudflare.com/cloudflare-one/connections/connect-apps
2026-07-24T19:09:58Z INF Requesting new quick Tunnel on trycloudflare.com...
2026-07-24T19:10:05Z INF +--------------------------------------------------------------------------------------------+
2026-07-24T19:10:05Z INF |  Your quick Tunnel has been created! Visit it at (it may take some time to be reachable):  |
2026-07-24T19:10:05Z INF |  https://remark-african-coupled-golf.trycloudflare.com                                     |
2026-07-24T19:10:05Z INF +--------------------------------------------------------------------------------------------+
2026-07-24T19:10:05Z INF Cannot determine default configuration path. No file [config.yml config.yaml] in [~/.cloudflared ~/.cloudflare-warp ~/cloudflare-warp /etc/cloudflared /usr/local/etc/cloudflared]
2026-07-24T19:10:05Z INF Version 2026.7.3 (Checksum 9d71c677db00134c1bd4144b7783486b654ad281b1ea62b4972098d19f770f17)
2026-07-24T19:10:05Z INF GOOS: linux, GOVersion: go1.26.4, GoArch: amd64
2026-07-24T19:10:05Z INF Settings: map[ha-connections:1 protocol:quic url:http://127.0.0.1:8788]
2026-07-24T19:10:05Z INF Autoupdate frequency is set autoupdateFreq=86400000
2026-07-24T19:10:05Z INF Generated Connector ID: 1e38af39-bcc1-490c-9b62-6c4cff22ab54
2026-07-24T19:10:05Z INF Initial protocol quic
2026-07-24T19:10:05Z INF ICMP proxy will use 192.168.18.16 as source for IPv4
2026-07-24T19:10:05Z INF ICMP proxy will use 2804:2488:9083:4040:9a3a:937a:67b7:eb7b in zone wlp0s20f3 as source for IPv6
2026/07/24 16:10:05 failed to sufficiently increase receive buffer size (was: 208 kiB, wanted: 7168 kiB, got: 416 kiB). See https://github.com/quic-go/quic-go/wiki/UDP-Buffer-Sizes for details.
2026-07-24T19:10:05Z INF ICMP proxy will use 192.168.18.16 as source for IPv4
2026-07-24T19:10:05Z INF ICMP proxy will use 2804:2488:9083:4040:9a3a:937a:67b7:eb7b in zone wlp0s20f3 as source for IPv6
2026-07-24T19:10:05Z INF Starting metrics server on 127.0.0.1:20241/metrics
2026-07-24T19:10:05Z INF Tunnel connection curve preferences: [X25519MLKEM768 CurveID(65074) CurveP256] connIndex=0 event=0 ip=2606:4700:a0::7
2026-07-24T19:10:05Z INF +-------------------------------------------------------------------------------------+
2026-07-24T19:10:05Z INF |                               CONNECTIVITY PRE-CHECKS                               |
2026-07-24T19:10:05Z INF +-------------------------------------------------------------------------------------+
2026-07-24T19:10:05Z INF |  COMPONENT         TARGET                     STATUS  DETAILS                       |
2026-07-24T19:10:05Z INF |  DNS Resolution    region1.v2.argotunnel.com  PASS    DNS Resolved successfully     |
2026-07-24T19:10:05Z INF |  DNS Resolution    region2.v2.argotunnel.com  PASS    DNS Resolved successfully     |
2026-07-24T19:10:05Z INF |  UDP Connectivity  region1.v2.argotunnel.com  PASS    QUIC connection successful    |
2026-07-24T19:10:05Z INF |  UDP Connectivity  region2.v2.argotunnel.com  PASS    QUIC connection successful    |
2026-07-24T19:10:05Z INF |  TCP Connectivity  region1.v2.argotunnel.com  PASS    HTTP/2 connection successful  |
2026-07-24T19:10:05Z INF |  TCP Connectivity  region2.v2.argotunnel.com  PASS    HTTP/2 connection successful  |
2026-07-24T19:10:05Z INF |  Cloudflare API    api.cloudflare.com:443     PASS    API is reachable              |
2026-07-24T19:10:05Z INF |                                                                                     |
2026-07-24T19:10:05Z INF |  SUMMARY: Environment is healthy. cloudflared will use 'quic' as primary protocol.  |
2026-07-24T19:10:05Z INF +-------------------------------------------------------------------------------------+
2026-07-24T19:10:05Z INF precheck component="DNS Resolution" details="DNS Resolved successfully" run_id=3400e38c-ba28-46d7-8a8b-2f81a57cee87 status=pass target=region1.v2.argotunnel.com
2026-07-24T19:10:05Z INF precheck component="DNS Resolution" details="DNS Resolved successfully" run_id=3400e38c-ba28-46d7-8a8b-2f81a57cee87 status=pass target=region2.v2.argotunnel.com
2026-07-24T19:10:05Z INF precheck component="UDP Connectivity" details="QUIC connection successful" run_id=3400e38c-ba28-46d7-8a8b-2f81a57cee87 status=pass target=region1.v2.argotunnel.com
2026-07-24T19:10:05Z INF precheck component="UDP Connectivity" details="QUIC connection successful" run_id=3400e38c-ba28-46d7-8a8b-2f81a57cee87 status=pass target=region2.v2.argotunnel.com
2026-07-24T19:10:05Z INF precheck component="TCP Connectivity" details="HTTP/2 connection successful" run_id=3400e38c-ba28-46d7-8a8b-2f81a57cee87 status=pass target=region1.v2.argotunnel.com
2026-07-24T19:10:05Z INF precheck component="TCP Connectivity" details="HTTP/2 connection successful" run_id=3400e38c-ba28-46d7-8a8b-2f81a57cee87 status=pass target=region2.v2.argotunnel.com
2026-07-24T19:10:05Z INF precheck component="Cloudflare API" details="API is reachable" run_id=3400e38c-ba28-46d7-8a8b-2f81a57cee87 status=pass target=api.cloudflare.com:443
2026-07-24T19:10:05Z INF precheck complete hard_fail=false run_id=3400e38c-ba28-46d7-8a8b-2f81a57cee87 suggested_protocol=quic
2026-07-24T19:10:06Z INF Registered tunnel connection connIndex=0 connection=495c1d71-8a4d-482a-a8e4-1504b659f44a event=0 ip=2606:4700:a0::7 location=gig02 protocol=quic
